// Jest Snapshot v1, https://goo.gl/fbAQLP

exports[`ListWrapper should match snapshot 1`] = `ShallowWrapper {}`;
