// Jest Snapshot v1, https://goo.gl/fbAQLP

exports[`Details View should match snapshot 1`] = `ShallowWrapper {}`;
