// Jest Snapshot v1, https://goo.gl/fbAQLP

exports[`CardUserName should match snapshot 1`] = `ShallowWrapper {}`;
