// Jest Snapshot v1, https://goo.gl/fbAQLP

exports[`SearchSystem should match snapshot 1`] = `ShallowWrapper {}`;
