// Jest Snapshot v1, https://goo.gl/fbAQLP

exports[`Ancor should match snapshot 1`] = `ShallowWrapper {}`;
